// Jest Snapshot v1, https://goo.gl/fbAQLP

exports[`user matches 1`] = `
Object {
  "age": 21,
  "job": "student",
  "name": "Eskin Nikita",
}
`;
